12:23:29 **** Incremental Build of configuration Debug for project Camera ****
make -j8 all 
arm-none-eabi-gcc "../Core/Src/LED.c" -mcpu=cortex-m7 -std=gnu11 -g3 -DUSE_HAL_DRIVER -DSTM32F767xx -DDEBUG -c -I../Drivers/CMSIS/Include -I../Drivers/CMSIS/Device/ST/STM32F7xx/Include -I../Core/Inc -I../Drivers/STM32F7xx_HAL_Driver/Inc -I../Drivers/STM32F7xx_HAL_Driver/Inc/Legacy -O0 -ffunction-sections -fdata-sections -Wall -fstack-usage -MMD -MP -MF"Core/Src/LED.d" -MT"Core/Src/LED.o" --specs=nano.specs -mfpu=fpv5-d16 -mfloat-abi=hard -mthumb -o "Core/Src/LED.o"
arm-none-eabi-gcc "../Core/Src/main.c" -mcpu=cortex-m7 -std=gnu11 -g3 -DUSE_HAL_DRIVER -DSTM32F767xx -DDEBUG -c -I../Drivers/CMSIS/Include -I../Drivers/CMSIS/Device/ST/STM32F7xx/Include -I../Core/Inc -I../Drivers/STM32F7xx_HAL_Driver/Inc -I../Drivers/STM32F7xx_HAL_Driver/Inc/Legacy -O0 -ffunction-sections -fdata-sections -Wall -fstack-usage -MMD -MP -MF"Core/Src/main.d" -MT"Core/Src/main.o" --specs=nano.specs -mfpu=fpv5-d16 -mfloat-abi=hard -mthumb -o "Core/Src/main.o"
arm-none-eabi-gcc -o "Camera.elf" @"objects.list"   -mcpu=cortex-m7 -T"D:\Camera Project\Temporary_Project\Camera\STM32F767ZITX_FLASH.ld" --specs=nosys.specs -Wl,-Map="Camera.map" -Wl,--gc-sections -static --specs=nano.specs -mfpu=fpv5-d16 -mfloat-abi=hard -mthumb -Wl,--start-group -lc -lm -Wl,--end-group
Finished building target: Camera.elf
 
arm-none-eabi-objdump -h -S  Camera.elf  > "Camera.list"
arm-none-eabi-objcopy  -O binary  Camera.elf  "Camera.bin"
arm-none-eabi-size   Camera.elf 
   text	   data	    bss	    dec	    hex	filename
  14288	     20	   1772	  16080	   3ed0	Camera.elf
Finished building: default.size.stdout
 
Finished building: Camera.bin
 
Finished building: Camera.list
 

12:23:31 Build Finished. 0 errors, 0 warnings. (took 1s.753ms)

